{"level":"\u001b[32minfo\u001b[39m","message":"{\"method\":\"GET\",\"url\":\"/api/v1/public/menu/6947ece9fe42d006d778b453\",\"status\":\"304\",\"responseTime\":\"188.685\"}","timestamp":"2025-12-22T06:31:18.710Z"}
{"level":"\u001b[32minfo\u001b[39m","message":"{\"method\":\"GET\",\"url\":\"/api/v1/public/menu/6947ece9fe42d006d778b453\",\"status\":\"304\",\"responseTime\":\"150.298\"}","timestamp":"2025-12-22T06:31:18.874Z"}
{"level":"\u001b[32minfo\u001b[39m","message":"{\"method\":\"GET\",\"url\":\"/api/v1/public/menu/69466a900b39c0b9a7c48e2d\",\"status\":\"304\",\"responseTime\":\"206.588\"}","timestamp":"2025-12-22T06:31:44.033Z"}
{"level":"\u001b[32minfo\u001b[39m","message":"{\"method\":\"GET\",\"url\":\"/api/v1/public/menu/69466a900b39c0b9a7c48e2d\",\"status\":\"304\",\"responseTime\":\"186.629\"}","timestamp":"2025-12-22T06:31:44.223Z"}
{"level":"\u001b[32minfo\u001b[39m","message":"{\"method\":\"GET\",\"url\":\"/api/v1/public/menu/69466a900b39c0b9a7c48e2d\",\"status\":\"304\",\"responseTime\":\"222.138\"}","timestamp":"2025-12-22T06:35:53.835Z"}
{"level":"\u001b[32minfo\u001b[39m","message":"{\"method\":\"GET\",\"url\":\"/api/v1/public/menu/69466a900b39c0b9a7c48e2d\",\"status\":\"304\",\"responseTime\":\"205.520\"}","timestamp":"2025-12-22T06:35:54.045Z"}
{"level":"\u001b[32minfo\u001b[39m","message":"{\"method\":\"GET\",\"url\":\"/api/v1/public/menu/69466a900b39c0b9a7c48e2d\",\"status\":\"304\",\"responseTime\":\"226.006\"}","timestamp":"2025-12-22T06:39:24.606Z"}
{"level":"\u001b[32minfo\u001b[39m","message":"{\"method\":\"GET\",\"url\":\"/api/v1/public/menu/69466a900b39c0b9a7c48e2d\",\"status\":\"304\",\"responseTime\":\"214.925\"}","timestamp":"2025-12-22T06:39:24.827Z"}
{"level":"\u001b[32minfo\u001b[39m","message":"{\"method\":\"GET\",\"url\":\"/api/v1/public/menu/69466a900b39c0b9a7c48e2d\",\"status\":\"304\",\"responseTime\":\"222.803\"}","timestamp":"2025-12-22T06:47:02.767Z"}
{"level":"\u001b[32minfo\u001b[39m","message":"{\"method\":\"GET\",\"url\":\"/api/v1/public/menu/69466a900b39c0b9a7c48e2d\",\"status\":\"304\",\"responseTime\":\"205.783\"}","timestamp":"2025-12-22T06:47:02.983Z"}
{"level":"\u001b[32minfo\u001b[39m","message":"{\"method\":\"GET\",\"url\":\"/api/v1/public/menu/69466a900b39c0b9a7c48e2d\",\"status\":\"304\",\"responseTime\":\"266.459\"}","timestamp":"2025-12-22T06:47:43.212Z"}
{"level":"\u001b[32minfo\u001b[39m","message":"{\"method\":\"GET\",\"url\":\"/api/v1/public/menu/69466a900b39c0b9a7c48e2d\",\"status\":\"304\",\"responseTime\":\"208.289\"}","timestamp":"2025-12-22T06:47:43.426Z"}
{"level":"\u001b[32minfo\u001b[39m","message":"{\"method\":\"GET\",\"url\":\"/api/v1/public/menu/69466a900b39c0b9a7c48e2d\",\"status\":\"304\",\"responseTime\":\"185.890\"}","timestamp":"2025-12-22T06:48:48.972Z"}
{"level":"\u001b[32minfo\u001b[39m","message":"{\"method\":\"GET\",\"url\":\"/api/v1/public/menu/69466a900b39c0b9a7c48e2d\",\"status\":\"304\",\"responseTime\":\"225.983\"}","timestamp":"2025-12-22T06:48:49.204Z"}
{"level":"\u001b[32minfo\u001b[39m","message":"{\"method\":\"GET\",\"url\":\"/api/v1/public/menu/69466a900b39c0b9a7c48e2d\",\"status\":\"304\",\"responseTime\":\"219.064\"}","timestamp":"2025-12-22T06:49:19.717Z"}
{"level":"\u001b[32minfo\u001b[39m","message":"{\"method\":\"GET\",\"url\":\"/api/v1/public/menu/69466a900b39c0b9a7c48e2d\",\"status\":\"304\",\"responseTime\":\"193.037\"}","timestamp":"2025-12-22T06:49:19.916Z"}
{"level":"\u001b[32minfo\u001b[39m","message":"{\"method\":\"GET\",\"url\":\"/api/v1/public/menu/69466a900b39c0b9a7c48e2d\",\"status\":\"304\",\"responseTime\":\"281.482\"}","timestamp":"2025-12-22T06:50:38.944Z"}
{"level":"\u001b[32minfo\u001b[39m","message":"{\"method\":\"GET\",\"url\":\"/api/v1/public/menu/69466a900b39c0b9a7c48e2d\",\"status\":\"304\",\"responseTime\":\"178.501\"}","timestamp":"2025-12-22T06:50:39.126Z"}
{"level":"\u001b[32minfo\u001b[39m","message":"{\"method\":\"GET\",\"url\":\"/api/v1/public/menu/69466a900b39c0b9a7c48e2d\",\"status\":\"304\",\"responseTime\":\"199.418\"}","timestamp":"2025-12-22T06:52:33.865Z"}
{"level":"\u001b[32minfo\u001b[39m","message":"{\"method\":\"GET\",\"url\":\"/api/v1/public/menu/69466a900b39c0b9a7c48e2d\",\"status\":\"304\",\"responseTime\":\"198.111\"}","timestamp":"2025-12-22T06:52:34.067Z"}
{"level":"\u001b[32minfo\u001b[39m","message":"{\"method\":\"GET\",\"url\":\"/api/v1/public/menu/69466a900b39c0b9a7c48e2d\",\"status\":\"304\",\"responseTime\":\"196.091\"}","timestamp":"2025-12-22T06:52:50.072Z"}
{"level":"\u001b[32minfo\u001b[39m","message":"{\"method\":\"GET\",\"url\":\"/api/v1/public/menu/69466a900b39c0b9a7c48e2d\",\"status\":\"304\",\"responseTime\":\"217.726\"}","timestamp":"2025-12-22T06:52:50.296Z"}
{"level":"\u001b[32minfo\u001b[39m","message":"{\"method\":\"GET\",\"url\":\"/api/v1/public/menu/69466a900b39c0b9a7c48e2d\",\"status\":\"304\",\"responseTime\":\"185.174\"}","timestamp":"2025-12-22T06:52:52.900Z"}
{"level":"\u001b[32minfo\u001b[39m","message":"{\"method\":\"GET\",\"url\":\"/api/v1/public/menu/69466a900b39c0b9a7c48e2d\",\"status\":\"304\",\"responseTime\":\"199.887\"}","timestamp":"2025-12-22T06:52:53.105Z"}
{"level":"\u001b[32minfo\u001b[39m","message":"{\"method\":\"POST\",\"url\":\"/api/v1/users/login\",\"status\":\"200\",\"responseTime\":\"412.493\"}","timestamp":"2025-12-22T07:01:27.190Z"}
{"level":"\u001b[32minfo\u001b[39m","message":"{\"method\":\"GET\",\"url\":\"/api/v1/restaurants/69466a900b39c0b9a7c48e2d/qr\",\"status\":\"200\",\"responseTime\":\"277.838\"}","timestamp":"2025-12-22T07:02:55.999Z"}
{"level":"\u001b[32minfo\u001b[39m","message":"{\"method\":\"GET\",\"url\":\"/api/v1/public/menu/69466a900b39c0b9a7c48e2d\",\"status\":\"200\",\"responseTime\":\"275.389\"}","timestamp":"2025-12-22T07:12:46.313Z"}
{"level":"\u001b[32minfo\u001b[39m","message":"{\"method\":\"GET\",\"url\":\"/api/v1/public/menu/69466a900b39c0b9a7c48e2d\",\"status\":\"304\",\"responseTime\":\"206.088\"}","timestamp":"2025-12-22T07:12:46.526Z"}
{"level":"\u001b[32minfo\u001b[39m","message":"{\"method\":\"GET\",\"url\":\"/api/v1/public/menu/69466a900b39c0b9a7c48e2d\",\"status\":\"304\",\"responseTime\":\"300.579\"}","timestamp":"2025-12-22T07:13:45.560Z"}
{"level":"\u001b[32minfo\u001b[39m","message":"{\"method\":\"GET\",\"url\":\"/api/v1/public/menu/69466a900b39c0b9a7c48e2d\",\"status\":\"304\",\"responseTime\":\"239.042\"}","timestamp":"2025-12-22T07:13:45.803Z"}
{"level":"\u001b[32minfo\u001b[39m","message":"{\"method\":\"GET\",\"url\":\"/api/v1/public/menu/69466a900b39c0b9a7c48e2d\",\"status\":\"304\",\"responseTime\":\"293.435\"}","timestamp":"2025-12-22T07:15:04.026Z"}
{"level":"\u001b[32minfo\u001b[39m","message":"{\"method\":\"GET\",\"url\":\"/api/v1/public/menu/69466a900b39c0b9a7c48e2d\",\"status\":\"304\",\"responseTime\":\"215.743\"}","timestamp":"2025-12-22T07:15:04.248Z"}
{"level":"\u001b[32minfo\u001b[39m","message":"{\"method\":\"GET\",\"url\":\"/api/v1/public/menu/69466a900b39c0b9a7c48e2d\",\"status\":\"304\",\"responseTime\":\"821.341\"}","timestamp":"2025-12-22T07:42:11.393Z"}
{"level":"\u001b[32minfo\u001b[39m","message":"{\"method\":\"GET\",\"url\":\"/api/v1/public/menu/69466a900b39c0b9a7c48e2d\",\"status\":\"304\",\"responseTime\":\"231.777\"}","timestamp":"2025-12-22T07:42:11.639Z"}
{"level":"\u001b[32minfo\u001b[39m","message":"{\"method\":\"GET\",\"url\":\"/api/v1/public/menu/69466a900b39c0b9a7c48e2d\",\"status\":\"304\",\"responseTime\":\"250.418\"}","timestamp":"2025-12-22T07:42:28.502Z"}
{"level":"\u001b[32minfo\u001b[39m","message":"{\"method\":\"GET\",\"url\":\"/api/v1/public/menu/69466a900b39c0b9a7c48e2d\",\"status\":\"304\",\"responseTime\":\"246.370\"}","timestamp":"2025-12-22T07:42:28.752Z"}
{"level":"\u001b[32minfo\u001b[39m","message":"{\"method\":\"GET\",\"url\":\"/api/v1/public/menu/69466a900b39c0b9a7c48e2d\",\"status\":\"304\",\"responseTime\":\"259.605\"}","timestamp":"2025-12-22T08:07:35.942Z"}
{"level":"\u001b[32minfo\u001b[39m","message":"{\"method\":\"GET\",\"url\":\"/api/v1/public/menu/69466a900b39c0b9a7c48e2d\",\"status\":\"304\",\"responseTime\":\"242.547\"}","timestamp":"2025-12-22T08:07:36.190Z"}
{"level":"\u001b[32minfo\u001b[39m","message":"{\"method\":\"POST\",\"url\":\"/api/v1/users/health\",\"status\":\"404\",\"responseTime\":\"3.268\"}","timestamp":"2025-12-22T10:01:19.670Z"}
{"level":"\u001b[32minfo\u001b[39m","message":"{\"method\":\"POST\",\"url\":\"/api/v1/users/health\",\"status\":\"404\",\"responseTime\":\"1.451\"}","timestamp":"2025-12-22T10:01:21.283Z"}
{"level":"\u001b[32minfo\u001b[39m","message":"{\"method\":\"GET\",\"url\":\"/api/v1/users/health\",\"status\":\"404\",\"responseTime\":\"0.485\"}","timestamp":"2025-12-22T10:01:29.333Z"}
{"level":"\u001b[32minfo\u001b[39m","message":"{\"method\":\"GET\",\"url\":\"/api/v1/users/health\",\"status\":\"404\",\"responseTime\":\"0.504\"}","timestamp":"2025-12-22T10:01:30.609Z"}
{"level":"\u001b[32minfo\u001b[39m","message":"{\"method\":\"GET\",\"url\":\"/api/v1/health\",\"status\":\"200\",\"responseTime\":\"1.983\"}","timestamp":"2025-12-22T10:01:39.590Z"}
{"level":"\u001b[32minfo\u001b[39m","message":"{\"method\":\"GET\",\"url\":\"/api/v1/health\",\"status\":\"200\",\"responseTime\":\"0.292\"}","timestamp":"2025-12-22T10:01:41.720Z"}
{"level":"\u001b[32minfo\u001b[39m","message":"{\"method\":\"GET\",\"url\":\"/api/v1/restaurants/69466a900b39c0b9a7c48e2d\",\"status\":\"401\",\"responseTime\":\"2.924\"}","timestamp":"2025-12-22T10:02:04.645Z"}
{"level":"\u001b[32minfo\u001b[39m","message":"{\"method\":\"GET\",\"url\":\"/api/v1/restaurants/69466a900b39c0b9a7c48e2d\",\"status\":\"401\",\"responseTime\":\"0.674\"}","timestamp":"2025-12-22T10:02:06.501Z"}
{"level":"\u001b[32minfo\u001b[39m","message":"{\"method\":\"POST\",\"url\":\"/api/v1/users/login\",\"status\":\"200\",\"responseTime\":\"420.053\"}","timestamp":"2025-12-22T10:02:23.557Z"}
{"level":"\u001b[32minfo\u001b[39m","message":"{\"method\":\"GET\",\"url\":\"/api/v1/restaurants/\",\"status\":\"200\",\"responseTime\":\"161.889\"}","timestamp":"2025-12-22T10:02:35.457Z"}
{"level":"\u001b[32minfo\u001b[39m","message":"{\"method\":\"GET\",\"url\":\"/api/v1/restaurants/69466a900b39c0b9a7c48e2d\",\"status\":\"200\",\"responseTime\":\"134.012\"}","timestamp":"2025-12-22T10:02:43.106Z"}
{"level":"\u001b[32minfo\u001b[39m","message":"{\"method\":\"GET\",\"url\":\"/api/v1/menus/restaurants/69466a900b39c0b9a7c48e2d\",\"status\":\"200\",\"responseTime\":\"194.855\"}","timestamp":"2025-12-22T10:02:53.564Z"}
{"level":"\u001b[32minfo\u001b[39m","message":"{\"method\":\"GET\",\"url\":\"/api/v1/public/menu/69466a900b39c0b9a7c48e2d\",\"status\":\"200\",\"responseTime\":\"209.134\"}","timestamp":"2025-12-22T10:24:51.640Z"}
{"level":"\u001b[32minfo\u001b[39m","message":"{\"method\":\"GET\",\"url\":\"/favicon.ico\",\"status\":\"404\",\"responseTime\":\"1.196\"}","timestamp":"2025-12-22T10:24:51.983Z"}
{"level":"\u001b[32minfo\u001b[39m","message":"{\"method\":\"GET\",\"url\":\"/api/v1/public/menu/69466a900b39c0b9a7c48e2d\",\"status\":\"304\",\"responseTime\":\"274.855\"}","timestamp":"2025-12-22T10:31:21.790Z"}
{"level":"\u001b[32minfo\u001b[39m","message":"{\"method\":\"GET\",\"url\":\"/api/v1/public/menu/69466a900b39c0b9a7c48e2d\",\"status\":\"304\",\"responseTime\":\"221.266\"}","timestamp":"2025-12-22T10:31:22.016Z"}
{"level":"\u001b[32minfo\u001b[39m","message":"{\"method\":\"GET\",\"url\":\"/api/v1/menus/restaurants/69466a900b39c0b9a7c48e2d\",\"status\":\"401\",\"responseTime\":\"4.262\"}","timestamp":"2025-12-24T08:28:17.397Z"}
{"level":"\u001b[32minfo\u001b[39m","message":"{\"method\":\"GET\",\"url\":\"/api/v1/menus/restaurants/69466a900b39c0b9a7c48e2d\",\"status\":\"401\",\"responseTime\":\"0.959\"}","timestamp":"2025-12-24T08:28:20.143Z"}
{"level":"\u001b[32minfo\u001b[39m","message":"{\"method\":\"GET\",\"url\":\"/api/v1/menus/restaurants/69466a900b39c0b9a7c48e2d\",\"status\":\"401\",\"responseTime\":\"0.504\"}","timestamp":"2025-12-24T08:28:45.124Z"}
{"level":"\u001b[32minfo\u001b[39m","message":"{\"method\":\"GET\",\"url\":\"/api/v1/menus/restaurants/69466a900b39c0b9a7c48e2d\",\"status\":\"401\",\"responseTime\":\"0.495\"}","timestamp":"2025-12-24T08:28:46.396Z"}
{"level":"\u001b[32minfo\u001b[39m","message":"{\"method\":\"GET\",\"url\":\"/api/v1/menus/restaurants/69466a900b39c0b9a7c48e2d\",\"status\":\"401\",\"responseTime\":\"0.448\"}","timestamp":"2025-12-24T08:28:47.600Z"}
{"level":"\u001b[32minfo\u001b[39m","message":"{\"method\":\"POST\",\"url\":\"/api/v1/users/register\",\"status\":\"201\",\"responseTime\":\"3541.297\"}","timestamp":"2026-08-05T17:50:29.690Z"}
{"level":"\u001b[32minfo\u001b[39m","message":"{\"method\":\"POST\",\"url\":\"/api/v1/users/login\",\"status\":\"200\",\"responseTime\":\"411.488\"}","timestamp":"2026-08-05T17:50:49.897Z"}
{"level":"\u001b[32minfo\u001b[39m","message":"{\"method\":\"GET\",\"url\":\"/api/v1/users/me\",\"status\":\"200\",\"responseTime\":\"88.637\"}","timestamp":"2026-08-05T17:50:50.080Z"}
{"level":"\u001b[32minfo\u001b[39m","message":"{\"method\":\"GET\",\"url\":\"/api/v1/users/me\",\"status\":\"200\",\"responseTime\":\"117.626\"}","timestamp":"2026-08-05T17:50:50.092Z"}
{"level":"\u001b[32minfo\u001b[39m","message":"{\"method\":\"GET\",\"url\":\"/api/v1/users/me\",\"status\":\"200\",\"responseTime\":\"73.030\"}","timestamp":"2026-08-05T17:50:50.179Z"}
{"level":"\u001b[32minfo\u001b[39m","message":"{\"method\":\"GET\",\"url\":\"/api/v1/users/me\",\"status\":\"200\",\"responseTime\":\"67.909\"}","timestamp":"2026-08-05T17:50:50.188Z"}
{"level":"\u001b[32minfo\u001b[39m","message":"{\"method\":\"GET\",\"url\":\"/api/v1/restaurants\",\"status\":\"200\",\"responseTime\":\"147.726\"}","timestamp":"2026-08-05T17:50:50.260Z"}
{"level":"\u001b[32minfo\u001b[39m","message":"{\"method\":\"GET\",\"url\":\"/api/v1/restaurants\",\"status\":\"200\",\"responseTime\":\"607.680\"}","timestamp":"2026-08-05T17:50:50.735Z"}
{"level":"\u001b[32minfo\u001b[39m","message":"{\"method\":\"GET\",\"url\":\"/api/v1/users/me\",\"status\":\"304\",\"responseTime\":\"143.967\"}","timestamp":"2026-08-05T17:50:57.044Z"}
{"level":"\u001b[32minfo\u001b[39m","message":"{\"method\":\"GET\",\"url\":\"/api/v1/users/me\",\"status\":\"304\",\"responseTime\":\"71.347\"}","timestamp":"2026-08-05T17:50:57.120Z"}
{"level":"\u001b[32minfo\u001b[39m","message":"{\"method\":\"GET\",\"url\":\"/api/v1/users/me\",\"status\":\"304\",\"responseTime\":\"110.750\"}","timestamp":"2026-08-05T17:50:58.937Z"}
{"level":"\u001b[32minfo\u001b[39m","message":"{\"method\":\"GET\",\"url\":\"/api/v1/restaurants\",\"status\":\"304\",\"responseTime\":\"177.027\"}","timestamp":"2026-08-05T17:50:58.999Z"}
{"level":"\u001b[32minfo\u001b[39m","message":"{\"method\":\"GET\",\"url\":\"/api/v1/users/me\",\"status\":\"304\",\"responseTime\":\"68.972\"}","timestamp":"2026-08-05T17:50:59.012Z"}
{"level":"\u001b[32minfo\u001b[39m","message":"{\"method\":\"GET\",\"url\":\"/api/v1/restaurants\",\"status\":\"304\",\"responseTime\":\"135.414\"}","timestamp":"2026-08-05T17:50:59.137Z"}
{"level":"\u001b[32minfo\u001b[39m","message":"{\"method\":\"GET\",\"url\":\"/api/v1/users/me\",\"status\":\"304\",\"responseTime\":\"70.535\"}","timestamp":"2026-08-05T17:50:59.999Z"}
{"level":"\u001b[32minfo\u001b[39m","message":"{\"method\":\"GET\",\"url\":\"/api/v1/users/me\",\"status\":\"304\",\"responseTime\":\"81.417\"}","timestamp":"2026-08-05T17:51:00.083Z"}
{"level":"\u001b[32minfo\u001b[39m","message":"{\"method\":\"POST\",\"url\":\"/api/v1/restaurants/restaurant\",\"status\":\"201\",\"responseTime\":\"307.724\"}","timestamp":"2026-08-05T17:51:30.521Z"}
{"level":"\u001b[32minfo\u001b[39m","message":"{\"method\":\"GET\",\"url\":\"/api/v1/users/me\",\"status\":\"304\",\"responseTime\":\"70.008\"}","timestamp":"2026-08-05T17:51:30.679Z"}
{"level":"\u001b[32minfo\u001b[39m","message":"{\"method\":\"GET\",\"url\":\"/api/v1/restaurants\",\"status\":\"200\",\"responseTime\":\"135.722\"}","timestamp":"2026-08-05T17:51:30.755Z"}
{"level":"\u001b[32minfo\u001b[39m","message":"{\"method\":\"GET\",\"url\":\"/api/v1/users/me\",\"status\":\"304\",\"responseTime\":\"77.435\"}","timestamp":"2026-08-05T17:51:30.760Z"}
{"level":"\u001b[32minfo\u001b[39m","message":"{\"method\":\"GET\",\"url\":\"/api/v1/restaurants\",\"status\":\"304\",\"responseTime\":\"138.396\"}","timestamp":"2026-08-05T17:51:30.905Z"}
{"level":"\u001b[32minfo\u001b[39m","message":"{\"method\":\"GET\",\"url\":\"/api/v1/restaurants/6a737822340b1db7f462a421/qr\",\"status\":\"200\",\"responseTime\":\"159.145\"}","timestamp":"2026-08-05T17:51:30.949Z"}
{"level":"\u001b[32minfo\u001b[39m","message":"{\"method\":\"GET\",\"url\":\"/api/v1/users/me\",\"status\":\"304\",\"responseTime\":\"70.536\"}","timestamp":"2026-08-05T17:51:35.983Z"}
{"level":"\u001b[32minfo\u001b[39m","message":"{\"method\":\"GET\",\"url\":\"/api/v1/users/me\",\"status\":\"304\",\"responseTime\":\"63.478\"}","timestamp":"2026-08-05T17:51:36.049Z"}
{"level":"\u001b[32minfo\u001b[39m","message":"{\"method\":\"GET\",\"url\":\"/api/v1/menus/restaurants/6a737822340b1db7f462a421\",\"status\":\"200\",\"responseTime\":\"196.764\"}","timestamp":"2026-08-05T17:51:36.113Z"}
{"level":"\u001b[32minfo\u001b[39m","message":"{\"method\":\"GET\",\"url\":\"/api/v1/menus/restaurants/6a737822340b1db7f462a421\",\"status\":\"304\",\"responseTime\":\"223.368\"}","timestamp":"2026-08-05T17:51:36.338Z"}
{"level":"\u001b[32minfo\u001b[39m","message":"{\"method\":\"GET\",\"url\":\"/api/v1/users/me\",\"status\":\"304\",\"responseTime\":\"82.263\"}","timestamp":"2026-08-05T17:51:37.489Z"}
{"level":"\u001b[32minfo\u001b[39m","message":"{\"method\":\"GET\",\"url\":\"/api/v1/users/me\",\"status\":\"304\",\"responseTime\":\"65.883\"}","timestamp":"2026-08-05T17:51:37.558Z"}
{"level":"\u001b[32minfo\u001b[39m","message":"{\"method\":\"POST\",\"url\":\"/api/v1/menus/6a737822340b1db7f462a421\",\"status\":\"201\",\"responseTime\":\"197.219\"}","timestamp":"2026-08-05T17:51:44.507Z"}
{"level":"\u001b[32minfo\u001b[39m","message":"{\"method\":\"GET\",\"url\":\"/api/v1/users/me\",\"status\":\"304\",\"responseTime\":\"70.668\"}","timestamp":"2026-08-05T17:51:44.628Z"}
{"level":"\u001b[32minfo\u001b[39m","message":"{\"method\":\"GET\",\"url\":\"/api/v1/users/me\",\"status\":\"304\",\"responseTime\":\"83.912\"}","timestamp":"2026-08-05T17:51:44.717Z"}
{"level":"\u001b[32minfo\u001b[39m","message":"{\"method\":\"GET\",\"url\":\"/api/v1/menus/restaurants/6a737822340b1db7f462a421\",\"status\":\"200\",\"responseTime\":\"194.663\"}","timestamp":"2026-08-05T17:51:44.758Z"}
{"level":"\u001b[32minfo\u001b[39m","message":"{\"method\":\"GET\",\"url\":\"/api/v1/menus/restaurants/6a737822340b1db7f462a421\",\"status\":\"304\",\"responseTime\":\"196.034\"}","timestamp":"2026-08-05T17:51:44.959Z"}
{"level":"\u001b[32minfo\u001b[39m","message":"{\"method\":\"GET\",\"url\":\"/api/v1/users/me\",\"status\":\"304\",\"responseTime\":\"66.504\"}","timestamp":"2026-08-05T17:51:47.311Z"}
{"level":"\u001b[32minfo\u001b[39m","message":"{\"method\":\"GET\",\"url\":\"/api/v1/users/me\",\"status\":\"304\",\"responseTime\":\"61.956\"}","timestamp":"2026-08-05T17:51:47.377Z"}
{"level":"\u001b[32minfo\u001b[39m","message":"{\"method\":\"GET\",\"url\":\"/api/v1/menu-items/menu/6a737830340b1db7f462a438\",\"status\":\"200\",\"responseTime\":\"268.201\"}","timestamp":"2026-08-05T17:51:47.507Z"}
{"level":"\u001b[32minfo\u001b[39m","message":"{\"method\":\"GET\",\"url\":\"/api/v1/menu-items/menu/6a737830340b1db7f462a438\",\"status\":\"304\",\"responseTime\":\"263.104\"}","timestamp":"2026-08-05T17:51:47.773Z"}
{"level":"\u001b[32minfo\u001b[39m","message":"{\"method\":\"GET\",\"url\":\"/api/v1/users/me\",\"status\":\"304\",\"responseTime\":\"63.196\"}","timestamp":"2026-08-05T17:51:49.187Z"}
{"level":"\u001b[32minfo\u001b[39m","message":"{\"method\":\"GET\",\"url\":\"/api/v1/users/me\",\"status\":\"304\",\"responseTime\":\"74.968\"}","timestamp":"2026-08-05T17:51:49.264Z"}
{"level":"\u001b[32minfo\u001b[39m","message":"{\"method\":\"GET\",\"url\":\"/api/v1/menus/restaurants/6a737822340b1db7f462a421\",\"status\":\"304\",\"responseTime\":\"205.774\"}","timestamp":"2026-08-05T17:51:49.337Z"}
{"level":"\u001b[32minfo\u001b[39m","message":"{\"method\":\"GET\",\"url\":\"/api/v1/menus/restaurants/6a737822340b1db7f462a421\",\"status\":\"304\",\"responseTime\":\"200.852\"}","timestamp":"2026-08-05T17:51:49.543Z"}
{"level":"\u001b[32minfo\u001b[39m","message":"{\"method\":\"GET\",\"url\":\"/api/v1/users/me\",\"status\":\"304\",\"responseTime\":\"62.813\"}","timestamp":"2026-08-05T17:51:53.140Z"}
{"level":"\u001b[32minfo\u001b[39m","message":"{\"method\":\"GET\",\"url\":\"/api/v1/users/me\",\"status\":\"304\",\"responseTime\":\"87.663\"}","timestamp":"2026-08-05T17:51:53.229Z"}
{"level":"\u001b[32minfo\u001b[39m","message":"{\"method\":\"GET\",\"url\":\"/api/v1/menu-items/menu/6a737830340b1db7f462a438\",\"status\":\"304\",\"responseTime\":\"267.430\"}","timestamp":"2026-08-05T17:51:53.347Z"}
{"level":"\u001b[32minfo\u001b[39m","message":"{\"method\":\"GET\",\"url\":\"/api/v1/menu-items/menu/6a737830340b1db7f462a438\",\"status\":\"304\",\"responseTime\":\"323.719\"}","timestamp":"2026-08-05T17:51:53.673Z"}
{"level":"\u001b[32minfo\u001b[39m","message":"{\"method\":\"GET\",\"url\":\"/api/v1/users/me\",\"status\":\"304\",\"responseTime\":\"88.979\"}","timestamp":"2026-08-05T17:51:54.549Z"}
{"level":"\u001b[32minfo\u001b[39m","message":"{\"method\":\"GET\",\"url\":\"/api/v1/users/me\",\"status\":\"304\",\"responseTime\":\"73.484\"}","timestamp":"2026-08-05T17:51:54.625Z"}
{"level":"\u001b[32minfo\u001b[39m","message":"{\"method\":\"POST\",\"url\":\"/api/v1/menu-items/menu/6a737830340b1db7f462a438\",\"status\":\"201\",\"responseTime\":\"272.380\"}","timestamp":"2026-08-05T17:52:28.067Z"}
{"level":"\u001b[32minfo\u001b[39m","message":"{\"method\":\"GET\",\"url\":\"/api/v1/users/me\",\"status\":\"304\",\"responseTime\":\"70.454\"}","timestamp":"2026-08-05T17:52:28.213Z"}
{"level":"\u001b[32minfo\u001b[39m","message":"{\"method\":\"GET\",\"url\":\"/api/v1/users/me\",\"status\":\"304\",\"responseTime\":\"67.900\"}","timestamp":"2026-08-05T17:52:28.283Z"}
{"level":"\u001b[32minfo\u001b[39m","message":"{\"method\":\"GET\",\"url\":\"/api/v1/menu-items/menu/6a737830340b1db7f462a438\",\"status\":\"200\",\"responseTime\":\"242.950\"}","timestamp":"2026-08-05T17:52:28.380Z"}
{"level":"\u001b[32minfo\u001b[39m","message":"{\"method\":\"GET\",\"url\":\"/api/v1/menu-items/menu/6a737830340b1db7f462a438\",\"status\":\"304\",\"responseTime\":\"243.643\"}","timestamp":"2026-08-05T17:52:28.626Z"}
{"level":"\u001b[32minfo\u001b[39m","message":"{\"method\":\"GET\",\"url\":\"/api/v1/users/me\",\"status\":\"304\",\"responseTime\":\"69.050\"}","timestamp":"2026-08-05T17:52:33.296Z"}
{"level":"\u001b[32minfo\u001b[39m","message":"{\"method\":\"GET\",\"url\":\"/api/v1/users/me\",\"status\":\"304\",\"responseTime\":\"61.858\"}","timestamp":"2026-08-05T17:52:33.360Z"}
{"level":"\u001b[32minfo\u001b[39m","message":"{\"method\":\"GET\",\"url\":\"/api/v1/users/me\",\"status\":\"304\",\"responseTime\":\"57.493\"}","timestamp":"2026-08-05T17:52:34.796Z"}
{"level":"\u001b[32minfo\u001b[39m","message":"{\"method\":\"GET\",\"url\":\"/api/v1/users/me\",\"status\":\"304\",\"responseTime\":\"63.532\"}","timestamp":"2026-08-05T17:52:34.861Z"}
{"level":"\u001b[32minfo\u001b[39m","message":"{\"method\":\"GET\",\"url\":\"/api/v1/menu-items/menu/6a737830340b1db7f462a438\",\"status\":\"304\",\"responseTime\":\"267.108\"}","timestamp":"2026-08-05T17:52:35.011Z"}
{"level":"\u001b[32minfo\u001b[39m","message":"{\"method\":\"GET\",\"url\":\"/api/v1/menu-items/menu/6a737830340b1db7f462a438\",\"status\":\"304\",\"responseTime\":\"254.166\"}","timestamp":"2026-08-05T17:52:35.267Z"}
{"level":"\u001b[32minfo\u001b[39m","message":"{\"method\":\"GET\",\"url\":\"/api/v1/users/me\",\"status\":\"304\",\"responseTime\":\"61.282\"}","timestamp":"2026-08-05T17:52:36.879Z"}
{"level":"\u001b[32minfo\u001b[39m","message":"{\"method\":\"GET\",\"url\":\"/api/v1/users/me\",\"status\":\"304\",\"responseTime\":\"69.632\"}","timestamp":"2026-08-05T17:52:36.951Z"}
{"level":"\u001b[32minfo\u001b[39m","message":"{\"method\":\"GET\",\"url\":\"/api/v1/users/me\",\"status\":\"304\",\"responseTime\":\"153.407\"}","timestamp":"2026-08-05T17:52:38.960Z"}
{"level":"\u001b[32minfo\u001b[39m","message":"{\"method\":\"GET\",\"url\":\"/api/v1/restaurants\",\"status\":\"304\",\"responseTime\":\"216.580\"}","timestamp":"2026-08-05T17:52:39.026Z"}
{"level":"\u001b[32minfo\u001b[39m","message":"{\"method\":\"GET\",\"url\":\"/api/v1/users/me\",\"status\":\"304\",\"responseTime\":\"71.715\"}","timestamp":"2026-08-05T17:52:39.035Z"}
{"level":"\u001b[32minfo\u001b[39m","message":"{\"method\":\"GET\",\"url\":\"/api/v1/restaurants\",\"status\":\"304\",\"responseTime\":\"131.917\"}","timestamp":"2026-08-05T17:52:39.160Z"}
{"level":"\u001b[32minfo\u001b[39m","message":"{\"method\":\"GET\",\"url\":\"/api/v1/restaurants/6a737822340b1db7f462a421/qr\",\"status\":\"304\",\"responseTime\":\"136.686\"}","timestamp":"2026-08-05T17:52:39.200Z"}
{"level":"\u001b[32minfo\u001b[39m","message":"{\"method\":\"GET\",\"url\":\"/api/v1/users/me\",\"status\":\"304\",\"responseTime\":\"141.949\"}","timestamp":"2026-08-05T17:52:44.477Z"}
{"level":"\u001b[32minfo\u001b[39m","message":"{\"method\":\"GET\",\"url\":\"/api/v1/users/me\",\"status\":\"304\",\"responseTime\":\"67.650\"}","timestamp":"2026-08-05T17:52:44.546Z"}
{"level":"\u001b[32minfo\u001b[39m","message":"{\"method\":\"GET\",\"url\":\"/api/v1/menus/restaurants/6a737822340b1db7f462a421\",\"status\":\"304\",\"responseTime\":\"260.570\"}","timestamp":"2026-08-05T17:52:44.601Z"}
{"level":"\u001b[32minfo\u001b[39m","message":"{\"method\":\"GET\",\"url\":\"/api/v1/menus/restaurants/6a737822340b1db7f462a421\",\"status\":\"304\",\"responseTime\":\"206.757\"}","timestamp":"2026-08-05T17:52:44.810Z"}
{"level":"\u001b[32minfo\u001b[39m","message":"{\"method\":\"GET\",\"url\":\"/api/v1/users/me\",\"status\":\"304\",\"responseTime\":\"110.526\"}","timestamp":"2026-08-05T17:52:48.481Z"}
{"level":"\u001b[32minfo\u001b[39m","message":"{\"method\":\"GET\",\"url\":\"/api/v1/users/me\",\"status\":\"304\",\"responseTime\":\"62.027\"}","timestamp":"2026-08-05T17:52:48.546Z"}
{"level":"\u001b[32minfo\u001b[39m","message":"{\"method\":\"GET\",\"url\":\"/api/v1/restaurants\",\"status\":\"304\",\"responseTime\":\"186.071\"}","timestamp":"2026-08-05T17:52:48.560Z"}
{"level":"\u001b[32minfo\u001b[39m","message":"{\"method\":\"GET\",\"url\":\"/api/v1/restaurants\",\"status\":\"304\",\"responseTime\":\"128.328\"}","timestamp":"2026-08-05T17:52:48.692Z"}
{"level":"\u001b[32minfo\u001b[39m","message":"{\"method\":\"GET\",\"url\":\"/api/v1/restaurants/6a737822340b1db7f462a421/qr\",\"status\":\"304\",\"responseTime\":\"132.686\"}","timestamp":"2026-08-05T17:52:48.716Z"}
{"level":"\u001b[32minfo\u001b[39m","message":"{\"method\":\"POST\",\"url\":\"/api/v1/users/logout\",\"status\":\"200\",\"responseTime\":\"133.136\"}","timestamp":"2026-08-05T17:52:52.650Z"}
{"level":"\u001b[32minfo\u001b[39m","message":"{\"method\":\"GET\",\"url\":\"/api/v1/public/menu/69466a900b39c0b9a7c48e2d\",\"status\":\"404\",\"responseTime\":\"140.842\"}","timestamp":"2026-08-05T17:53:30.157Z"}
{"level":"\u001b[32minfo\u001b[39m","message":"{\"method\":\"GET\",\"url\":\"/api/v1/public/menu/69466a900b39c0b9a7c48e2d\",\"status\":\"404\",\"responseTime\":\"73.643\"}","timestamp":"2026-08-05T17:53:30.234Z"}
{"level":"\u001b[32minfo\u001b[39m","message":"{\"method\":\"GET\",\"url\":\"/api/v1/public/menu/69466a900b39c0b9a7c48e2d\",\"status\":\"200\",\"responseTime\":\"254.598\"}","timestamp":"2026-08-05T17:55:33.164Z"}
{"level":"\u001b[32minfo\u001b[39m","message":"{\"method\":\"GET\",\"url\":\"/api/v1/public/menu/69466a900b39c0b9a7c48e2d\",\"status\":\"304\",\"responseTime\":\"224.594\"}","timestamp":"2026-08-05T17:55:33.395Z"}
{"level":"\u001b[32minfo\u001b[39m","message":"{\"method\":\"POST\",\"url\":\"/api/v1/users/register\",\"status\":\"409\",\"responseTime\":\"107.800\"}","timestamp":"2026-08-06T08:00:57.830Z"}
{"level":"\u001b[32minfo\u001b[39m","message":"{\"method\":\"POST\",\"url\":\"/api/v1/users/register\",\"status\":\"201\",\"responseTime\":\"356.935\"}","timestamp":"2026-08-06T08:01:11.226Z"}
{"level":"\u001b[32minfo\u001b[39m","message":"{\"method\":\"POST\",\"url\":\"/api/v1/users/login\",\"status\":\"200\",\"responseTime\":\"422.137\"}","timestamp":"2026-08-06T08:01:24.216Z"}
{"level":"\u001b[32minfo\u001b[39m","message":"{\"method\":\"GET\",\"url\":\"/api/v1/users/me\",\"status\":\"200\",\"responseTime\":\"79.949\"}","timestamp":"2026-08-06T08:01:24.348Z"}
{"level":"\u001b[32minfo\u001b[39m","message":"{\"method\":\"GET\",\"url\":\"/api/v1/users/me\",\"status\":\"304\",\"responseTime\":\"74.995\"}","timestamp":"2026-08-06T08:01:24.426Z"}
{"level":"\u001b[32minfo\u001b[39m","message":"{\"method\":\"GET\",\"url\":\"/api/v1/users/me\",\"status\":\"304\",\"responseTime\":\"77.919\"}","timestamp":"2026-08-06T08:01:24.507Z"}
{"level":"\u001b[32minfo\u001b[39m","message":"{\"method\":\"GET\",\"url\":\"/api/v1/restaurants\",\"status\":\"200\",\"responseTime\":\"153.215\"}","timestamp":"2026-08-06T08:01:24.516Z"}
{"level":"\u001b[32minfo\u001b[39m","message":"{\"method\":\"GET\",\"url\":\"/api/v1/users/me\",\"status\":\"304\",\"responseTime\":\"80.086\"}","timestamp":"2026-08-06T08:01:24.592Z"}
{"level":"\u001b[32minfo\u001b[39m","message":"{\"method\":\"GET\",\"url\":\"/api/v1/restaurants\",\"status\":\"304\",\"responseTime\":\"169.791\"}","timestamp":"2026-08-06T08:01:24.692Z"}
{"level":"\u001b[32minfo\u001b[39m","message":"{\"method\":\"GET\",\"url\":\"/api/v1/users/me\",\"status\":\"304\",\"responseTime\":\"88.528\"}","timestamp":"2026-08-06T08:01:37.629Z"}
{"level":"\u001b[32minfo\u001b[39m","message":"{\"method\":\"GET\",\"url\":\"/api/v1/users/me\",\"status\":\"304\",\"responseTime\":\"72.477\"}","timestamp":"2026-08-06T08:01:37.705Z"}
{"level":"\u001b[32minfo\u001b[39m","message":"{\"method\":\"POST\",\"url\":\"/api/v1/restaurants/restaurant\",\"status\":\"201\",\"responseTime\":\"340.149\"}","timestamp":"2026-08-06T08:01:58.885Z"}
{"level":"\u001b[32minfo\u001b[39m","message":"{\"method\":\"GET\",\"url\":\"/api/v1/users/me\",\"status\":\"304\",\"responseTime\":\"66.962\"}","timestamp":"2026-08-06T08:01:58.994Z"}
{"level":"\u001b[32minfo\u001b[39m","message":"{\"method\":\"GET\",\"url\":\"/api/v1/users/me\",\"status\":\"304\",\"responseTime\":\"67.416\"}","timestamp":"2026-08-06T08:01:59.064Z"}
{"level":"\u001b[32minfo\u001b[39m","message":"{\"method\":\"GET\",\"url\":\"/api/v1/restaurants\",\"status\":\"200\",\"responseTime\":\"146.088\"}","timestamp":"2026-08-06T08:01:59.077Z"}
{"level":"\u001b[32minfo\u001b[39m","message":"{\"method\":\"GET\",\"url\":\"/api/v1/restaurants\",\"status\":\"304\",\"responseTime\":\"149.995\"}","timestamp":"2026-08-06T08:01:59.230Z"}
{"level":"\u001b[32minfo\u001b[39m","message":"{\"method\":\"GET\",\"url\":\"/api/v1/restaurants/6a743f7664082f8a0fbc6e6f/qr\",\"status\":\"200\",\"responseTime\":\"161.632\"}","timestamp":"2026-08-06T08:01:59.271Z"}
{"level":"\u001b[32minfo\u001b[39m","message":"{\"method\":\"GET\",\"url\":\"/api/v1/users/me\",\"status\":\"304\",\"responseTime\":\"91.269\"}","timestamp":"2026-08-06T08:02:03.848Z"}
{"level":"\u001b[32minfo\u001b[39m","message":"{\"method\":\"GET\",\"url\":\"/api/v1/users/me\",\"status\":\"304\",\"responseTime\":\"78.825\"}","timestamp":"2026-08-06T08:02:03.929Z"}
{"level":"\u001b[32minfo\u001b[39m","message":"{\"method\":\"GET\",\"url\":\"/api/v1/menus/restaurants/6a743f7664082f8a0fbc6e6f\",\"status\":\"200\",\"responseTime\":\"248.324\"}","timestamp":"2026-08-06T08:02:04.008Z"}
{"level":"\u001b[32minfo\u001b[39m","message":"{\"method\":\"GET\",\"url\":\"/api/v1/menus/restaurants/6a743f7664082f8a0fbc6e6f\",\"status\":\"304\",\"responseTime\":\"219.574\"}","timestamp":"2026-08-06T08:02:04.230Z"}
{"level":"\u001b[32minfo\u001b[39m","message":"{\"method\":\"GET\",\"url\":\"/api/v1/users/me\",\"status\":\"304\",\"responseTime\":\"93.655\"}","timestamp":"2026-08-06T08:02:05.558Z"}
{"level":"\u001b[32minfo\u001b[39m","message":"{\"method\":\"GET\",\"url\":\"/api/v1/users/me\",\"status\":\"304\",\"responseTime\":\"76.368\"}","timestamp":"2026-08-06T08:02:05.639Z"}
{"level":"\u001b[32minfo\u001b[39m","message":"{\"method\":\"POST\",\"url\":\"/api/v1/menus/6a743f7664082f8a0fbc6e6f\",\"status\":\"201\",\"responseTime\":\"224.468\"}","timestamp":"2026-08-06T08:02:19.409Z"}
{"level":"\u001b[32minfo\u001b[39m","message":"{\"method\":\"GET\",\"url\":\"/api/v1/users/me\",\"status\":\"304\",\"responseTime\":\"71.931\"}","timestamp":"2026-08-06T08:02:19.534Z"}
{"level":"\u001b[32minfo\u001b[39m","message":"{\"method\":\"GET\",\"url\":\"/api/v1/users/me\",\"status\":\"304\",\"responseTime\":\"67.863\"}","timestamp":"2026-08-06T08:02:19.604Z"}
{"level":"\u001b[32minfo\u001b[39m","message":"{\"method\":\"GET\",\"url\":\"/api/v1/menus/restaurants/6a743f7664082f8a0fbc6e6f\",\"status\":\"200\",\"responseTime\":\"224.537\"}","timestamp":"2026-08-06T08:02:19.690Z"}
{"level":"\u001b[32minfo\u001b[39m","message":"{\"method\":\"GET\",\"url\":\"/api/v1/menus/restaurants/6a743f7664082f8a0fbc6e6f\",\"status\":\"304\",\"responseTime\":\"215.302\"}","timestamp":"2026-08-06T08:02:19.908Z"}
{"level":"\u001b[32minfo\u001b[39m","message":"{\"method\":\"GET\",\"url\":\"/api/v1/users/me\",\"status\":\"304\",\"responseTime\":\"95.724\"}","timestamp":"2026-08-06T08:02:21.474Z"}
{"level":"\u001b[32minfo\u001b[39m","message":"{\"method\":\"GET\",\"url\":\"/api/v1/users/me\",\"status\":\"304\",\"responseTime\":\"101.429\"}","timestamp":"2026-08-06T08:02:21.579Z"}
{"level":"\u001b[32minfo\u001b[39m","message":"{\"method\":\"GET\",\"url\":\"/api/v1/menu-items/menu/6a743f8b64082f8a0fbc6e86\",\"status\":\"200\",\"responseTime\":\"402.375\"}","timestamp":"2026-08-06T08:02:21.785Z"}
{"level":"\u001b[32minfo\u001b[39m","message":"{\"method\":\"GET\",\"url\":\"/api/v1/menu-items/menu/6a743f8b64082f8a0fbc6e86\",\"status\":\"304\",\"responseTime\":\"337.798\"}","timestamp":"2026-08-06T08:02:22.125Z"}
{"level":"\u001b[32minfo\u001b[39m","message":"{\"method\":\"GET\",\"url\":\"/api/v1/users/me\",\"status\":\"304\",\"responseTime\":\"90.776\"}","timestamp":"2026-08-06T08:02:23.044Z"}
{"level":"\u001b[32minfo\u001b[39m","message":"{\"method\":\"GET\",\"url\":\"/api/v1/users/me\",\"status\":\"304\",\"responseTime\":\"67.116\"}","timestamp":"2026-08-06T08:02:23.113Z"}
{"level":"\u001b[32minfo\u001b[39m","message":"{\"method\":\"POST\",\"url\":\"/api/v1/menu-items/menu/6a743f8b64082f8a0fbc6e86\",\"status\":\"201\",\"responseTime\":\"306.445\"}","timestamp":"2026-08-06T08:02:51.056Z"}
{"level":"\u001b[32minfo\u001b[39m","message":"{\"method\":\"GET\",\"url\":\"/api/v1/users/me\",\"status\":\"304\",\"responseTime\":\"74.972\"}","timestamp":"2026-08-06T08:02:51.188Z"}
{"level":"\u001b[32minfo\u001b[39m","message":"{\"method\":\"GET\",\"url\":\"/api/v1/users/me\",\"status\":\"304\",\"responseTime\":\"77.758\"}","timestamp":"2026-08-06T08:02:51.268Z"}
{"level":"\u001b[32minfo\u001b[39m","message":"{\"method\":\"GET\",\"url\":\"/api/v1/menu-items/menu/6a743f8b64082f8a0fbc6e86\",\"status\":\"200\",\"responseTime\":\"294.802\"}","timestamp":"2026-08-06T08:02:51.404Z"}
{"level":"\u001b[32minfo\u001b[39m","message":"{\"method\":\"GET\",\"url\":\"/api/v1/menu-items/menu/6a743f8b64082f8a0fbc6e86\",\"status\":\"304\",\"responseTime\":\"328.646\"}","timestamp":"2026-08-06T08:02:51.735Z"}
{"level":"\u001b[32minfo\u001b[39m","message":"{\"method\":\"GET\",\"url\":\"/api/v1/users/me\",\"status\":\"304\",\"responseTime\":\"92.203\"}","timestamp":"2026-08-06T08:02:55.696Z"}
{"level":"\u001b[32minfo\u001b[39m","message":"{\"method\":\"GET\",\"url\":\"/api/v1/users/me\",\"status\":\"304\",\"responseTime\":\"76.417\"}","timestamp":"2026-08-06T08:02:55.777Z"}
{"level":"\u001b[32minfo\u001b[39m","message":"{\"method\":\"GET\",\"url\":\"/api/v1/users/me\",\"status\":\"304\",\"responseTime\":\"73.520\"}","timestamp":"2026-08-06T08:03:01.713Z"}
{"level":"\u001b[32minfo\u001b[39m","message":"{\"method\":\"GET\",\"url\":\"/api/v1/users/me\",\"status\":\"304\",\"responseTime\":\"74.124\"}","timestamp":"2026-08-06T08:03:01.790Z"}
{"level":"\u001b[32minfo\u001b[39m","message":"{\"method\":\"GET\",\"url\":\"/api/v1/menu-items/menu/6a743f8b64082f8a0fbc6e86\",\"status\":\"304\",\"responseTime\":\"294.350\"}","timestamp":"2026-08-06T08:03:01.937Z"}
{"level":"\u001b[32minfo\u001b[39m","message":"{\"method\":\"GET\",\"url\":\"/api/v1/menu-items/menu/6a743f8b64082f8a0fbc6e86\",\"status\":\"304\",\"responseTime\":\"282.724\"}","timestamp":"2026-08-06T08:03:02.222Z"}
{"level":"\u001b[32minfo\u001b[39m","message":"{\"method\":\"GET\",\"url\":\"/api/v1/users/me\",\"status\":\"304\",\"responseTime\":\"109.861\"}","timestamp":"2026-08-06T08:03:06.737Z"}
{"level":"\u001b[32minfo\u001b[39m","message":"{\"method\":\"GET\",\"url\":\"/api/v1/restaurants\",\"status\":\"304\",\"responseTime\":\"171.381\"}","timestamp":"2026-08-06T08:03:06.802Z"}
{"level":"\u001b[32minfo\u001b[39m","message":"{\"method\":\"GET\",\"url\":\"/api/v1/users/me\",\"status\":\"304\",\"responseTime\":\"75.562\"}","timestamp":"2026-08-06T08:03:06.816Z"}
{"level":"\u001b[32minfo\u001b[39m","message":"{\"method\":\"GET\",\"url\":\"/api/v1/restaurants\",\"status\":\"304\",\"responseTime\":\"141.599\"}","timestamp":"2026-08-06T08:03:06.947Z"}
{"level":"\u001b[32minfo\u001b[39m","message":"{\"method\":\"GET\",\"url\":\"/api/v1/restaurants/6a743f7664082f8a0fbc6e6f/qr\",\"status\":\"304\",\"responseTime\":\"153.857\"}","timestamp":"2026-08-06T08:03:06.982Z"}
{"level":"\u001b[32minfo\u001b[39m","message":"{\"method\":\"GET\",\"url\":\"/api/v1/public/menu/6a743f7664082f8a0fbc6e6f\",\"status\":\"200\",\"responseTime\":\"225.292\"}","timestamp":"2026-08-06T08:03:10.342Z"}
{"level":"\u001b[32minfo\u001b[39m","message":"{\"method\":\"GET\",\"url\":\"/api/v1/public/menu/6a743f7664082f8a0fbc6e6f\",\"status\":\"304\",\"responseTime\":\"210.663\"}","timestamp":"2026-08-06T08:03:10.557Z"}
{"level":"\u001b[32minfo\u001b[39m","message":"{\"method\":\"GET\",\"url\":\"/api/v1/users/me\",\"status\":\"304\",\"responseTime\":\"87.786\"}","timestamp":"2026-08-06T08:03:18.103Z"}
{"level":"\u001b[32minfo\u001b[39m","message":"{\"method\":\"GET\",\"url\":\"/api/v1/users/me\",\"status\":\"304\",\"responseTime\":\"75.622\"}","timestamp":"2026-08-06T08:03:18.181Z"}
{"level":"\u001b[32minfo\u001b[39m","message":"{\"method\":\"GET\",\"url\":\"/api/v1/users/me\",\"status\":\"304\",\"responseTime\":\"83.328\"}","timestamp":"2026-08-06T08:03:18.266Z"}
{"level":"\u001b[32minfo\u001b[39m","message":"{\"method\":\"GET\",\"url\":\"/api/v1/restaurants\",\"status\":\"304\",\"responseTime\":\"149.282\"}","timestamp":"2026-08-06T08:03:18.273Z"}
{"level":"\u001b[32minfo\u001b[39m","message":"{\"method\":\"GET\",\"url\":\"/api/v1/users/me\",\"status\":\"304\",\"responseTime\":\"80.190\"}","timestamp":"2026-08-06T08:03:18.351Z"}
{"level":"\u001b[32minfo\u001b[39m","message":"{\"method\":\"GET\",\"url\":\"/api/v1/restaurants\",\"status\":\"304\",\"responseTime\":\"167.788\"}","timestamp":"2026-08-06T08:03:18.444Z"}
{"level":"\u001b[32minfo\u001b[39m","message":"{\"method\":\"GET\",\"url\":\"/api/v1/restaurants/6a743f7664082f8a0fbc6e6f/qr\",\"status\":\"304\",\"responseTime\":\"155.293\"}","timestamp":"2026-08-06T08:03:18.460Z"}
{"level":"\u001b[32minfo\u001b[39m","message":"{\"method\":\"GET\",\"url\":\"/api/v1/users/me\",\"status\":\"304\",\"responseTime\":\"72.856\"}","timestamp":"2026-08-06T08:03:20.296Z"}
{"level":"\u001b[32minfo\u001b[39m","message":"{\"method\":\"GET\",\"url\":\"/api/v1/users/me\",\"status\":\"304\",\"responseTime\":\"77.452\"}","timestamp":"2026-08-06T08:03:20.376Z"}
{"level":"\u001b[32minfo\u001b[39m","message":"{\"method\":\"GET\",\"url\":\"/api/v1/menus/restaurants/6a743f7664082f8a0fbc6e6f\",\"status\":\"304\",\"responseTime\":\"205.123\"}","timestamp":"2026-08-06T08:03:20.431Z"}
{"level":"\u001b[32minfo\u001b[39m","message":"{\"method\":\"GET\",\"url\":\"/api/v1/menus/restaurants/6a743f7664082f8a0fbc6e6f\",\"status\":\"304\",\"responseTime\":\"208.160\"}","timestamp":"2026-08-06T08:03:20.641Z"}
{"level":"\u001b[32minfo\u001b[39m","message":"{\"method\":\"GET\",\"url\":\"/api/v1/users/me\",\"status\":\"304\",\"responseTime\":\"72.056\"}","timestamp":"2026-08-06T08:03:24.353Z"}
{"level":"\u001b[32minfo\u001b[39m","message":"{\"method\":\"GET\",\"url\":\"/api/v1/users/me\",\"status\":\"304\",\"responseTime\":\"77.817\"}","timestamp":"2026-08-06T08:03:24.436Z"}
{"level":"\u001b[32minfo\u001b[39m","message":"{\"method\":\"GET\",\"url\":\"/api/v1/menu-items/menu/6a743f8b64082f8a0fbc6e86\",\"status\":\"304\",\"responseTime\":\"309.600\"}","timestamp":"2026-08-06T08:03:24.594Z"}
{"level":"\u001b[32minfo\u001b[39m","message":"{\"method\":\"GET\",\"url\":\"/api/v1/menu-items/menu/6a743f8b64082f8a0fbc6e86\",\"status\":\"304\",\"responseTime\":\"287.984\"}","timestamp":"2026-08-06T08:03:24.884Z"}
{"level":"\u001b[32minfo\u001b[39m","message":"{\"method\":\"GET\",\"url\":\"/api/v1/users/me\",\"status\":\"304\",\"responseTime\":\"97.155\"}","timestamp":"2026-08-06T08:03:26.768Z"}
{"level":"\u001b[32minfo\u001b[39m","message":"{\"method\":\"GET\",\"url\":\"/api/v1/users/me\",\"status\":\"304\",\"responseTime\":\"74.143\"}","timestamp":"2026-08-06T08:03:26.844Z"}
{"level":"\u001b[32minfo\u001b[39m","message":"{\"method\":\"GET\",\"url\":\"/api/v1/menus/restaurants/6a743f7664082f8a0fbc6e6f\",\"status\":\"304\",\"responseTime\":\"218.609\"}","timestamp":"2026-08-06T08:03:26.900Z"}
{"level":"\u001b[32minfo\u001b[39m","message":"{\"method\":\"GET\",\"url\":\"/api/v1/menus/restaurants/6a743f7664082f8a0fbc6e6f\",\"status\":\"304\",\"responseTime\":\"222.010\"}","timestamp":"2026-08-06T08:03:27.123Z"}
{"level":"\u001b[32minfo\u001b[39m","message":"{\"method\":\"GET\",\"url\":\"/api/v1/users/me\",\"status\":\"304\",\"responseTime\":\"81.553\"}","timestamp":"2026-08-06T08:03:30.151Z"}
{"level":"\u001b[32minfo\u001b[39m","message":"{\"method\":\"GET\",\"url\":\"/api/v1/users/me\",\"status\":\"304\",\"responseTime\":\"66.760\"}","timestamp":"2026-08-06T08:03:30.220Z"}
{"level":"\u001b[32minfo\u001b[39m","message":"{\"method\":\"GET\",\"url\":\"/api/v1/menu-items/menu/6a743f8b64082f8a0fbc6e86\",\"status\":\"304\",\"responseTime\":\"291.354\"}","timestamp":"2026-08-06T08:03:30.364Z"}
{"level":"\u001b[32minfo\u001b[39m","message":"{\"method\":\"GET\",\"url\":\"/api/v1/menu-items/menu/6a743f8b64082f8a0fbc6e86\",\"status\":\"304\",\"responseTime\":\"289.599\"}","timestamp":"2026-08-06T08:03:30.656Z"}
{"level":"\u001b[32minfo\u001b[39m","message":"{\"method\":\"GET\",\"url\":\"/api/v1/users/me\",\"status\":\"304\",\"responseTime\":\"89.973\"}","timestamp":"2026-08-06T08:03:32.104Z"}
{"level":"\u001b[32minfo\u001b[39m","message":"{\"method\":\"GET\",\"url\":\"/api/v1/users/me\",\"status\":\"304\",\"responseTime\":\"86.473\"}","timestamp":"2026-08-06T08:03:32.193Z"}
{"level":"\u001b[32minfo\u001b[39m","message":"{\"method\":\"GET\",\"url\":\"/api/v1/menus/restaurants/6a743f7664082f8a0fbc6e6f\",\"status\":\"304\",\"responseTime\":\"229.047\"}","timestamp":"2026-08-06T08:03:32.255Z"}
{"level":"\u001b[32minfo\u001b[39m","message":"{\"method\":\"GET\",\"url\":\"/api/v1/menus/restaurants/6a743f7664082f8a0fbc6e6f\",\"status\":\"304\",\"responseTime\":\"219.724\"}","timestamp":"2026-08-06T08:03:32.476Z"}
{"level":"\u001b[32minfo\u001b[39m","message":"{\"method\":\"PATCH\",\"url\":\"/api/v1/menus/6a743f8b64082f8a0fbc6e86/unpublish\",\"status\":\"200\",\"responseTime\":\"305.356\"}","timestamp":"2026-08-06T08:03:35.493Z"}
{"level":"\u001b[32minfo\u001b[39m","message":"{\"method\":\"PATCH\",\"url\":\"/api/v1/menus/6a743f8b64082f8a0fbc6e86/publish\",\"status\":\"200\",\"responseTime\":\"292.688\"}","timestamp":"2026-08-06T08:03:37.767Z"}
{"level":"\u001b[32minfo\u001b[39m","message":"{\"method\":\"GET\",\"url\":\"/api/v1/users/me\",\"status\":\"304\",\"responseTime\":\"76.104\"}","timestamp":"2026-08-06T08:03:38.748Z"}
{"level":"\u001b[32minfo\u001b[39m","message":"{\"method\":\"GET\",\"url\":\"/api/v1/users/me\",\"status\":\"304\",\"responseTime\":\"74.461\"}","timestamp":"2026-08-06T08:03:38.826Z"}
{"level":"\u001b[32minfo\u001b[39m","message":"{\"method\":\"GET\",\"url\":\"/api/v1/menu-items/menu/6a743f8b64082f8a0fbc6e86\",\"status\":\"304\",\"responseTime\":\"326.077\"}","timestamp":"2026-08-06T08:03:39.006Z"}
{"level":"\u001b[32minfo\u001b[39m","message":"{\"method\":\"GET\",\"url\":\"/api/v1/menu-items/menu/6a743f8b64082f8a0fbc6e86\",\"status\":\"304\",\"responseTime\":\"300.663\"}","timestamp":"2026-08-06T08:03:39.309Z"}
{"level":"\u001b[32minfo\u001b[39m","message":"{\"method\":\"DELETE\",\"url\":\"/api/v1/menu-items/6a743faa64082f8a0fbc6e9f\",\"status\":\"200\",\"responseTime\":\"377.831\"}","timestamp":"2026-08-06T08:03:41.747Z"}
{"level":"\u001b[32minfo\u001b[39m","message":"{\"method\":\"GET\",\"url\":\"/api/v1/menu-items/menu/6a743f8b64082f8a0fbc6e86\",\"status\":\"200\",\"responseTime\":\"330.533\"}","timestamp":"2026-08-06T08:03:42.088Z"}
{"level":"\u001b[32minfo\u001b[39m","message":"{\"method\":\"GET\",\"url\":\"/api/v1/users/me\",\"status\":\"304\",\"responseTime\":\"89.878\"}","timestamp":"2026-08-06T08:03:46.426Z"}
{"level":"\u001b[32minfo\u001b[39m","message":"{\"method\":\"GET\",\"url\":\"/api/v1/users/me\",\"status\":\"304\",\"responseTime\":\"81.790\"}","timestamp":"2026-08-06T08:03:46.511Z"}
{"level":"\u001b[32minfo\u001b[39m","message":"{\"method\":\"GET\",\"url\":\"/api/v1/menus/restaurants/6a743f7664082f8a0fbc6e6f\",\"status\":\"200\",\"responseTime\":\"218.876\"}","timestamp":"2026-08-06T08:03:46.559Z"}
{"level":"\u001b[32minfo\u001b[39m","message":"{\"method\":\"GET\",\"url\":\"/api/v1/menus/restaurants/6a743f7664082f8a0fbc6e6f\",\"status\":\"304\",\"responseTime\":\"213.600\"}","timestamp":"2026-08-06T08:03:46.775Z"}
{"level":"\u001b[32minfo\u001b[39m","message":"{\"method\":\"GET\",\"url\":\"/api/v1/users/me\",\"status\":\"304\",\"responseTime\":\"78.253\"}","timestamp":"2026-08-06T08:03:50.553Z"}
{"level":"\u001b[32minfo\u001b[39m","message":"{\"method\":\"GET\",\"url\":\"/api/v1/users/me\",\"status\":\"304\",\"responseTime\":\"91.254\"}","timestamp":"2026-08-06T08:03:50.647Z"}
{"level":"\u001b[32minfo\u001b[39m","message":"{\"method\":\"GET\",\"url\":\"/api/v1/restaurants\",\"status\":\"304\",\"responseTime\":\"176.015\"}","timestamp":"2026-08-06T08:03:50.655Z"}
{"level":"\u001b[32minfo\u001b[39m","message":"{\"method\":\"GET\",\"url\":\"/api/v1/restaurants\",\"status\":\"304\",\"responseTime\":\"148.864\"}","timestamp":"2026-08-06T08:03:50.810Z"}
{"level":"\u001b[32minfo\u001b[39m","message":"{\"method\":\"GET\",\"url\":\"/api/v1/restaurants/6a743f7664082f8a0fbc6e6f/qr\",\"status\":\"304\",\"responseTime\":\"147.865\"}","timestamp":"2026-08-06T08:03:50.830Z"}
{"level":"\u001b[32minfo\u001b[39m","message":"{\"method\":\"GET\",\"url\":\"/api/v1/public/menu/6a743f7664082f8a0fbc6e6f\",\"status\":\"200\",\"responseTime\":\"223.685\"}","timestamp":"2026-08-06T08:03:55.070Z"}
{"level":"\u001b[32minfo\u001b[39m","message":"{\"method\":\"GET\",\"url\":\"/api/v1/public/menu/6a743f7664082f8a0fbc6e6f\",\"status\":\"304\",\"responseTime\":\"205.446\"}","timestamp":"2026-08-06T08:03:55.279Z"}
{"level":"\u001b[32minfo\u001b[39m","message":"{\"method\":\"GET\",\"url\":\"/api/v1/public/menu/6a743f7664082f8a0fbc6e6f\",\"status\":\"304\",\"responseTime\":\"212.810\"}","timestamp":"2026-08-06T08:05:15.096Z"}
{"level":"\u001b[32minfo\u001b[39m","message":"{\"method\":\"GET\",\"url\":\"/api/v1/public/menu/6a743f7664082f8a0fbc6e6f\",\"status\":\"304\",\"responseTime\":\"263.649\"}","timestamp":"2026-08-06T08:05:15.366Z"}
{"level":"\u001b[32minfo\u001b[39m","message":"{\"method\":\"GET\",\"url\":\"/api/v1/users/me\",\"status\":\"304\",\"responseTime\":\"84.893\"}","timestamp":"2026-08-06T08:05:20.244Z"}
{"level":"\u001b[32minfo\u001b[39m","message":"{\"method\":\"GET\",\"url\":\"/api/v1/users/me\",\"status\":\"304\",\"responseTime\":\"89.309\"}","timestamp":"2026-08-06T08:05:20.337Z"}
{"level":"\u001b[32minfo\u001b[39m","message":"{\"method\":\"GET\",\"url\":\"/api/v1/users/me\",\"status\":\"304\",\"responseTime\":\"68.583\"}","timestamp":"2026-08-06T08:05:20.415Z"}
{"level":"\u001b[32minfo\u001b[39m","message":"{\"method\":\"GET\",\"url\":\"/api/v1/restaurants\",\"status\":\"304\",\"responseTime\":\"160.533\"}","timestamp":"2026-08-06T08:05:20.435Z"}
{"level":"\u001b[32minfo\u001b[39m","message":"{\"method\":\"GET\",\"url\":\"/api/v1/users/me\",\"status\":\"304\",\"responseTime\":\"74.775\"}","timestamp":"2026-08-06T08:05:20.496Z"}
{"level":"\u001b[32minfo\u001b[39m","message":"{\"method\":\"GET\",\"url\":\"/api/v1/restaurants\",\"status\":\"304\",\"responseTime\":\"165.584\"}","timestamp":"2026-08-06T08:05:20.607Z"}
{"level":"\u001b[32minfo\u001b[39m","message":"{\"method\":\"GET\",\"url\":\"/api/v1/restaurants/6a743f7664082f8a0fbc6e6f/qr\",\"status\":\"304\",\"responseTime\":\"145.908\"}","timestamp":"2026-08-06T08:05:20.654Z"}
{"level":"\u001b[32minfo\u001b[39m","message":"{\"method\":\"GET\",\"url\":\"/api/v1/users/me\",\"status\":\"304\",\"responseTime\":\"71.095\"}","timestamp":"2026-08-06T08:05:35.332Z"}
{"level":"\u001b[32minfo\u001b[39m","message":"{\"method\":\"GET\",\"url\":\"/api/v1/users/me\",\"status\":\"304\",\"responseTime\":\"85.772\"}","timestamp":"2026-08-06T08:05:35.424Z"}
{"level":"\u001b[32minfo\u001b[39m","message":"{\"method\":\"GET\",\"url\":\"/api/v1/users/me\",\"status\":\"304\",\"responseTime\":\"69.934\"}","timestamp":"2026-08-06T08:05:36.488Z"}
{"level":"\u001b[32minfo\u001b[39m","message":"{\"method\":\"GET\",\"url\":\"/api/v1/users/me\",\"status\":\"304\",\"responseTime\":\"75.233\"}","timestamp":"2026-08-06T08:05:36.568Z"}
{"level":"\u001b[32minfo\u001b[39m","message":"{\"method\":\"GET\",\"url\":\"/api/v1/restaurants\",\"status\":\"304\",\"responseTime\":\"156.958\"}","timestamp":"2026-08-06T08:05:36.582Z"}
{"level":"\u001b[32minfo\u001b[39m","message":"{\"method\":\"GET\",\"url\":\"/api/v1/restaurants\",\"status\":\"304\",\"responseTime\":\"140.490\"}","timestamp":"2026-08-06T08:05:36.728Z"}
{"level":"\u001b[32minfo\u001b[39m","message":"{\"method\":\"GET\",\"url\":\"/api/v1/restaurants/6a743f7664082f8a0fbc6e6f/qr\",\"status\":\"304\",\"responseTime\":\"134.373\"}","timestamp":"2026-08-06T08:05:36.746Z"}
{"level":"\u001b[32minfo\u001b[39m","message":"{\"method\":\"GET\",\"url\":\"/api/v1/users/me\",\"status\":\"304\",\"responseTime\":\"262.544\"}","timestamp":"2026-08-06T08:06:07.018Z"}
{"level":"\u001b[32minfo\u001b[39m","message":"{\"method\":\"GET\",\"url\":\"/api/v1/users/me\",\"status\":\"304\",\"responseTime\":\"268.750\"}","timestamp":"2026-08-06T08:06:07.297Z"}
{"level":"\u001b[32minfo\u001b[39m","message":"{\"method\":\"GET\",\"url\":\"/api/v1/menus/restaurants/6a743f7664082f8a0fbc6e6f\",\"status\":\"304\",\"responseTime\":\"974.895\"}","timestamp":"2026-08-06T08:06:07.940Z"}
{"level":"\u001b[32minfo\u001b[39m","message":"{\"method\":\"GET\",\"url\":\"/api/v1/menus/restaurants/6a743f7664082f8a0fbc6e6f\",\"status\":\"304\",\"responseTime\":\"243.415\"}","timestamp":"2026-08-06T08:06:08.188Z"}
{"level":"\u001b[32minfo\u001b[39m","message":"{\"method\":\"DELETE\",\"url\":\"/api/v1/menus/6a743f8b64082f8a0fbc6e86\",\"status\":\"200\",\"responseTime\":\"425.435\"}","timestamp":"2026-08-06T08:06:10.452Z"}
{"level":"\u001b[32minfo\u001b[39m","message":"{\"method\":\"GET\",\"url\":\"/api/v1/users/me\",\"status\":\"304\",\"responseTime\":\"80.745\"}","timestamp":"2026-08-06T08:06:20.743Z"}
{"level":"\u001b[32minfo\u001b[39m","message":"{\"method\":\"GET\",\"url\":\"/api/v1/users/me\",\"status\":\"304\",\"responseTime\":\"82.997\"}","timestamp":"2026-08-06T08:06:20.831Z"}
{"level":"\u001b[32minfo\u001b[39m","message":"{\"method\":\"GET\",\"url\":\"/api/v1/users/me\",\"status\":\"304\",\"responseTime\":\"92.577\"}","timestamp":"2026-08-06T08:06:25.563Z"}
{"level":"\u001b[32minfo\u001b[39m","message":"{\"method\":\"GET\",\"url\":\"/api/v1/users/me\",\"status\":\"304\",\"responseTime\":\"76.615\"}","timestamp":"2026-08-06T08:06:25.650Z"}
{"level":"\u001b[32minfo\u001b[39m","message":"{\"method\":\"GET\",\"url\":\"/api/v1/menus/restaurants/6a743f7664082f8a0fbc6e6f\",\"status\":\"200\",\"responseTime\":\"223.735\"}","timestamp":"2026-08-06T08:06:25.697Z"}
{"level":"\u001b[32minfo\u001b[39m","message":"{\"method\":\"GET\",\"url\":\"/api/v1/menus/restaurants/6a743f7664082f8a0fbc6e6f\",\"status\":\"304\",\"responseTime\":\"220.552\"}","timestamp":"2026-08-06T08:06:25.921Z"}
{"level":"\u001b[32minfo\u001b[39m","message":"{\"method\":\"GET\",\"url\":\"/api/v1/users/me\",\"status\":\"304\",\"responseTime\":\"75.416\"}","timestamp":"2026-08-06T08:06:27.541Z"}
{"level":"\u001b[32minfo\u001b[39m","message":"{\"method\":\"GET\",\"url\":\"/api/v1/restaurants\",\"status\":\"304\",\"responseTime\":\"137.787\"}","timestamp":"2026-08-06T08:06:27.608Z"}
{"level":"\u001b[32minfo\u001b[39m","message":"{\"method\":\"GET\",\"url\":\"/api/v1/users/me\",\"status\":\"304\",\"responseTime\":\"72.461\"}","timestamp":"2026-08-06T08:06:27.618Z"}
{"level":"\u001b[32minfo\u001b[39m","message":"{\"method\":\"GET\",\"url\":\"/api/v1/restaurants\",\"status\":\"304\",\"responseTime\":\"138.143\"}","timestamp":"2026-08-06T08:06:27.748Z"}
{"level":"\u001b[32minfo\u001b[39m","message":"{\"method\":\"GET\",\"url\":\"/api/v1/restaurants/6a743f7664082f8a0fbc6e6f/qr\",\"status\":\"304\",\"responseTime\":\"153.500\"}","timestamp":"2026-08-06T08:06:27.782Z"}
{"level":"\u001b[32minfo\u001b[39m","message":"{\"method\":\"GET\",\"url\":\"/api/v1/users/me\",\"status\":\"304\",\"responseTime\":\"73.762\"}","timestamp":"2026-08-06T08:07:08.461Z"}
{"level":"\u001b[32minfo\u001b[39m","message":"{\"method\":\"GET\",\"url\":\"/api/v1/users/me\",\"status\":\"304\",\"responseTime\":\"77.489\"}","timestamp":"2026-08-06T08:07:08.545Z"}
{"level":"\u001b[32minfo\u001b[39m","message":"{\"method\":\"GET\",\"url\":\"/api/v1/users/me\",\"status\":\"304\",\"responseTime\":\"93.752\"}","timestamp":"2026-08-06T08:07:10.835Z"}
{"level":"\u001b[32minfo\u001b[39m","message":"{\"method\":\"GET\",\"url\":\"/api/v1/restaurants\",\"status\":\"304\",\"responseTime\":\"182.254\"}","timestamp":"2026-08-06T08:07:10.927Z"}
{"level":"\u001b[32minfo\u001b[39m","message":"{\"method\":\"GET\",\"url\":\"/api/v1/users/me\",\"status\":\"304\",\"responseTime\":\"93.764\"}","timestamp":"2026-08-06T08:07:10.945Z"}
{"level":"\u001b[32minfo\u001b[39m","message":"{\"method\":\"GET\",\"url\":\"/api/v1/restaurants\",\"status\":\"304\",\"responseTime\":\"161.857\"}","timestamp":"2026-08-06T08:07:11.093Z"}
{"level":"\u001b[32minfo\u001b[39m","message":"{\"method\":\"GET\",\"url\":\"/api/v1/restaurants/6a743f7664082f8a0fbc6e6f/qr\",\"status\":\"304\",\"responseTime\":\"171.708\"}","timestamp":"2026-08-06T08:07:11.148Z"}
{"level":"\u001b[32minfo\u001b[39m","message":"{\"method\":\"GET\",\"url\":\"/api/v1/users/me\",\"status\":\"304\",\"responseTime\":\"79.082\"}","timestamp":"2026-08-06T08:07:33.320Z"}
{"level":"\u001b[32minfo\u001b[39m","message":"{\"method\":\"GET\",\"url\":\"/api/v1/restaurants\",\"status\":\"304\",\"responseTime\":\"154.306\"}","timestamp":"2026-08-06T08:07:33.402Z"}
{"level":"\u001b[32minfo\u001b[39m","message":"{\"method\":\"GET\",\"url\":\"/api/v1/restaurants/6a743f7664082f8a0fbc6e6f/qr\",\"status\":\"304\",\"responseTime\":\"165.144\"}","timestamp":"2026-08-06T08:07:33.617Z"}
{"level":"\u001b[32minfo\u001b[39m","message":"{\"method\":\"GET\",\"url\":\"/api/v1/users/me\",\"status\":\"304\",\"responseTime\":\"107.962\"}","timestamp":"2026-08-06T08:07:40.568Z"}
{"level":"\u001b[32minfo\u001b[39m","message":"{\"method\":\"GET\",\"url\":\"/api/v1/restaurants\",\"status\":\"304\",\"responseTime\":\"184.760\"}","timestamp":"2026-08-06T08:07:40.657Z"}
{"level":"\u001b[32minfo\u001b[39m","message":"{\"method\":\"GET\",\"url\":\"/api/v1/restaurants/6a743f7664082f8a0fbc6e6f/qr\",\"status\":\"304\",\"responseTime\":\"172.887\"}","timestamp":"2026-08-06T08:07:40.906Z"}
{"level":"\u001b[32minfo\u001b[39m","message":"{\"method\":\"PATCH\",\"url\":\"/api/v1/restaurants/delete/6a743f7664082f8a0fbc6e6f\",\"status\":\"200\",\"responseTime\":\"269.347\"}","timestamp":"2026-08-06T08:07:44.108Z"}
{"level":"\u001b[32minfo\u001b[39m","message":"{\"method\":\"GET\",\"url\":\"/api/v1/users/me\",\"status\":\"304\",\"responseTime\":\"69.297\"}","timestamp":"2026-08-06T08:07:53.256Z"}
{"level":"\u001b[32minfo\u001b[39m","message":"{\"method\":\"GET\",\"url\":\"/api/v1/restaurants\",\"status\":\"200\",\"responseTime\":\"140.099\"}","timestamp":"2026-08-06T08:07:53.331Z"}
{"level":"\u001b[32minfo\u001b[39m","message":"{\"method\":\"GET\",\"url\":\"/api/v1/users/me\",\"status\":\"304\",\"responseTime\":\"81.972\"}","timestamp":"2026-08-06T08:08:23.633Z"}
{"level":"\u001b[32minfo\u001b[39m","message":"{\"method\":\"GET\",\"url\":\"/api/v1/users/me\",\"status\":\"304\",\"responseTime\":\"117.043\"}","timestamp":"2026-08-06T08:08:23.753Z"}
{"level":"\u001b[32minfo\u001b[39m","message":"{\"method\":\"GET\",\"url\":\"/api/v1/users/me\",\"status\":\"304\",\"responseTime\":\"104.322\"}","timestamp":"2026-08-06T08:08:24.648Z"}
{"level":"\u001b[32minfo\u001b[39m","message":"{\"method\":\"GET\",\"url\":\"/api/v1/restaurants\",\"status\":\"304\",\"responseTime\":\"160.194\"}","timestamp":"2026-08-06T08:08:24.711Z"}
{"level":"\u001b[32minfo\u001b[39m","message":"{\"method\":\"GET\",\"url\":\"/api/v1/users/me\",\"status\":\"304\",\"responseTime\":\"75.200\"}","timestamp":"2026-08-06T08:08:24.726Z"}
{"level":"\u001b[32minfo\u001b[39m","message":"{\"method\":\"GET\",\"url\":\"/api/v1/restaurants\",\"status\":\"304\",\"responseTime\":\"153.164\"}","timestamp":"2026-08-06T08:08:24.869Z"}
{"level":"\u001b[32minfo\u001b[39m","message":"{\"method\":\"GET\",\"url\":\"/api/v1/users/me\",\"status\":\"304\",\"responseTime\":\"71.314\"}","timestamp":"2026-08-06T08:08:27.916Z"}
{"level":"\u001b[32minfo\u001b[39m","message":"{\"method\":\"GET\",\"url\":\"/api/v1/users/me\",\"status\":\"304\",\"responseTime\":\"76.793\"}","timestamp":"2026-08-06T08:08:27.996Z"}
{"level":"\u001b[32minfo\u001b[39m","message":"{\"method\":\"GET\",\"url\":\"/api/v1/users/me\",\"status\":\"304\",\"responseTime\":\"71.554\"}","timestamp":"2026-08-06T08:08:28.948Z"}
{"level":"\u001b[32minfo\u001b[39m","message":"{\"method\":\"GET\",\"url\":\"/api/v1/users/me\",\"status\":\"304\",\"responseTime\":\"80.924\"}","timestamp":"2026-08-06T08:08:29.034Z"}
{"level":"\u001b[32minfo\u001b[39m","message":"{\"method\":\"GET\",\"url\":\"/api/v1/restaurants\",\"status\":\"304\",\"responseTime\":\"157.063\"}","timestamp":"2026-08-06T08:08:29.037Z"}
{"level":"\u001b[32minfo\u001b[39m","message":"{\"method\":\"GET\",\"url\":\"/api/v1/restaurants\",\"status\":\"304\",\"responseTime\":\"153.220\"}","timestamp":"2026-08-06T08:08:29.194Z"}
{"level":"\u001b[32minfo\u001b[39m","message":"{\"method\":\"GET\",\"url\":\"/api/v1/users/me\",\"status\":\"304\",\"responseTime\":\"123.321\"}","timestamp":"2026-08-06T08:08:31.212Z"}
{"level":"\u001b[32minfo\u001b[39m","message":"{\"method\":\"GET\",\"url\":\"/api/v1/users/me\",\"status\":\"304\",\"responseTime\":\"76.430\"}","timestamp":"2026-08-06T08:08:31.301Z"}
{"level":"\u001b[32minfo\u001b[39m","message":"{\"method\":\"GET\",\"url\":\"/api/v1/users/me\",\"status\":\"304\",\"responseTime\":\"77.254\"}","timestamp":"2026-08-06T08:08:31.690Z"}
{"level":"\u001b[32minfo\u001b[39m","message":"{\"method\":\"GET\",\"url\":\"/api/v1/users/me\",\"status\":\"304\",\"responseTime\":\"72.339\"}","timestamp":"2026-08-06T08:08:31.767Z"}
{"level":"\u001b[32minfo\u001b[39m","message":"{\"method\":\"GET\",\"url\":\"/api/v1/restaurants\",\"status\":\"304\",\"responseTime\":\"152.071\"}","timestamp":"2026-08-06T08:08:31.774Z"}
{"level":"\u001b[32minfo\u001b[39m","message":"{\"method\":\"GET\",\"url\":\"/api/v1/restaurants\",\"status\":\"304\",\"responseTime\":\"154.815\"}","timestamp":"2026-08-06T08:08:31.932Z"}
{"level":"\u001b[32minfo\u001b[39m","message":"{\"method\":\"POST\",\"url\":\"/api/v1/users/logout\",\"status\":\"200\",\"responseTime\":\"173.932\"}","timestamp":"2026-08-06T08:08:33.876Z"}
{"level":"\u001b[32minfo\u001b[39m","message":"{\"method\":\"POST\",\"url\":\"/api/v1/users/login\",\"status\":\"200\",\"responseTime\":\"395.641\"}","timestamp":"2026-08-06T08:08:43.227Z"}
{"level":"\u001b[32minfo\u001b[39m","message":"{\"method\":\"GET\",\"url\":\"/api/v1/users/me\",\"status\":\"200\",\"responseTime\":\"72.713\"}","timestamp":"2026-08-06T08:08:43.355Z"}
{"level":"\u001b[32minfo\u001b[39m","message":"{\"method\":\"GET\",\"url\":\"/api/v1/users/me\",\"status\":\"304\",\"responseTime\":\"83.696\"}","timestamp":"2026-08-06T08:08:43.442Z"}
{"level":"\u001b[32minfo\u001b[39m","message":"{\"method\":\"GET\",\"url\":\"/api/v1/users/me\",\"status\":\"304\",\"responseTime\":\"66.250\"}","timestamp":"2026-08-06T08:08:43.512Z"}
{"level":"\u001b[32minfo\u001b[39m","message":"{\"method\":\"GET\",\"url\":\"/api/v1/restaurants\",\"status\":\"304\",\"responseTime\":\"158.967\"}","timestamp":"2026-08-06T08:08:43.528Z"}
{"level":"\u001b[32minfo\u001b[39m","message":"{\"method\":\"GET\",\"url\":\"/api/v1/users/me\",\"status\":\"304\",\"responseTime\":\"67.094\"}","timestamp":"2026-08-06T08:08:43.583Z"}
{"level":"\u001b[32minfo\u001b[39m","message":"{\"method\":\"GET\",\"url\":\"/api/v1/restaurants\",\"status\":\"304\",\"responseTime\":\"142.003\"}","timestamp":"2026-08-06T08:08:43.672Z"}
{"level":"\u001b[32minfo\u001b[39m","message":"{\"method\":\"GET\",\"url\":\"/api/v1/users/me\",\"status\":\"304\",\"responseTime\":\"68.034\"}","timestamp":"2026-08-06T08:09:33.301Z"}
{"level":"\u001b[32minfo\u001b[39m","message":"{\"method\":\"GET\",\"url\":\"/api/v1/users/me\",\"status\":\"304\",\"responseTime\":\"78.217\"}","timestamp":"2026-08-06T08:09:33.388Z"}
{"level":"\u001b[32minfo\u001b[39m","message":"{\"method\":\"GET\",\"url\":\"/api/v1/users/me\",\"status\":\"304\",\"responseTime\":\"74.330\"}","timestamp":"2026-08-06T08:09:33.531Z"}
{"level":"\u001b[32minfo\u001b[39m","message":"{\"method\":\"GET\",\"url\":\"/api/v1/restaurants\",\"status\":\"304\",\"responseTime\":\"146.472\"}","timestamp":"2026-08-06T08:09:33.614Z"}
{"level":"\u001b[32minfo\u001b[39m","message":"{\"method\":\"GET\",\"url\":\"/api/v1/users/me\",\"status\":\"304\",\"responseTime\":\"95.945\"}","timestamp":"2026-08-06T08:09:33.645Z"}
{"level":"\u001b[32minfo\u001b[39m","message":"{\"method\":\"GET\",\"url\":\"/api/v1/restaurants\",\"status\":\"304\",\"responseTime\":\"148.469\"}","timestamp":"2026-08-06T08:09:33.771Z"}
{"level":"\u001b[32minfo\u001b[39m","message":"{\"method\":\"GET\",\"url\":\"/api/v1/users/me\",\"status\":\"304\",\"responseTime\":\"760.114\"}","timestamp":"2026-08-06T08:09:43.170Z"}
{"level":"\u001b[32minfo\u001b[39m","message":"{\"method\":\"GET\",\"url\":\"/api/v1/restaurants\",\"status\":\"304\",\"responseTime\":\"892.496\"}","timestamp":"2026-08-06T08:09:43.219Z"}
{"level":"\u001b[32minfo\u001b[39m","message":"{\"method\":\"GET\",\"url\":\"/api/v1/users/me\",\"status\":\"304\",\"responseTime\":\"101.695\"}","timestamp":"2026-08-06T08:09:43.289Z"}
{"level":"\u001b[32minfo\u001b[39m","message":"{\"method\":\"GET\",\"url\":\"/api/v1/users/me\",\"status\":\"304\",\"responseTime\":\"71.582\"}","timestamp":"2026-08-06T08:09:43.366Z"}
{"level":"\u001b[32minfo\u001b[39m","message":"{\"method\":\"GET\",\"url\":\"/api/v1/restaurants\",\"status\":\"304\",\"responseTime\":\"155.282\"}","timestamp":"2026-08-06T08:09:43.380Z"}
